---
http_interactions:
- request:
    method: get
    uri: https://www.googleapis.com/books/v1/volumes?maxResults=5&printType=books&q=%2Binauthor:dance%2Bdance%2Bdance%2Bisbn:12345678901234
    body:
      encoding: US-ASCII
      string: ''
    headers:
      Content-Type:
      - application/json
      User-Agent:
      - Faraday v2.7.10
      Accept-Encoding:
      - gzip;q=1.0,deflate;q=0.6,identity;q=0.3
      Accept:
      - "*/*"
  response:
    status:
      code: 200
      message: OK
    headers:
      Content-Type:
      - application/json; charset=UTF-8
      Vary:
      - Origin
      - Referer
      - X-Origin
      Date:
      - Mon, 06 Nov 2023 19:14:03 GMT
      Server:
      - ESF
      Cache-Control:
      - private
      X-Xss-Protection:
      - '0'
      X-Frame-Options:
      - SAMEORIGIN
      X-Content-Type-Options:
      - nosniff
      Alt-Svc:
      - h3=":443"; ma=2592000,h3-29=":443"; ma=2592000
      Transfer-Encoding:
      - chunked
    body:
      encoding: ASCII-8BIT
      string: |
        {
          "kind": "books#volumes",
          "totalItems": 0
        }
  recorded_at: Mon, 06 Nov 2023 19:14:03 GMT
- request:
    method: get
    uri: https://www.googleapis.com/books/v1/volumes?maxResults=5&printType=books&q=%2Binauthor:the%2Bsun%2Balso%2Brises%2Bisbn:12345678901234
    body:
      encoding: US-ASCII
      string: ''
    headers:
      Content-Type:
      - application/json
      User-Agent:
      - Faraday v2.7.10
      Accept-Encoding:
      - gzip;q=1.0,deflate;q=0.6,identity;q=0.3
      Accept:
      - "*/*"
  response:
    status:
      code: 200
      message: OK
    headers:
      Content-Type:
      - application/json; charset=UTF-8
      Vary:
      - Origin
      - Referer
      - X-Origin
      Date:
      - Mon, 06 Nov 2023 19:45:21 GMT
      Server:
      - ESF
      Cache-Control:
      - private
      X-Xss-Protection:
      - '0'
      X-Frame-Options:
      - SAMEORIGIN
      X-Content-Type-Options:
      - nosniff
      Alt-Svc:
      - h3=":443"; ma=2592000,h3-29=":443"; ma=2592000
      Transfer-Encoding:
      - chunked
    body:
      encoding: ASCII-8BIT
      string: |
        {
          "kind": "books#volumes",
          "totalItems": 0
        }
  recorded_at: Mon, 06 Nov 2023 19:45:21 GMT
- request:
    method: get
    uri: https://www.googleapis.com/books/v1/volumes?maxResults=5&printType=books&q=%2Binauthor:things%2Bfall%2Bapart%2Bisbn:12345678901234
    body:
      encoding: US-ASCII
      string: ''
    headers:
      Content-Type:
      - application/json
      User-Agent:
      - Faraday v2.7.10
      Accept-Encoding:
      - gzip;q=1.0,deflate;q=0.6,identity;q=0.3
      Accept:
      - "*/*"
  response:
    status:
      code: 200
      message: OK
    headers:
      Content-Type:
      - application/json; charset=UTF-8
      Vary:
      - Origin
      - Referer
      - X-Origin
      Date:
      - Mon, 06 Nov 2023 19:46:23 GMT
      Server:
      - ESF
      Cache-Control:
      - private
      X-Xss-Protection:
      - '0'
      X-Frame-Options:
      - SAMEORIGIN
      X-Content-Type-Options:
      - nosniff
      Alt-Svc:
      - h3=":443"; ma=2592000,h3-29=":443"; ma=2592000
      Transfer-Encoding:
      - chunked
    body:
      encoding: ASCII-8BIT
      string: |
        {
          "kind": "books#volumes",
          "totalItems": 0
        }
  recorded_at: Mon, 06 Nov 2023 19:46:23 GMT
- request:
    method: get
    uri: https://www.googleapis.com/books/v1/volumes?maxResults=5&printType=books&q=intitle:in%2Ba%2Bglass%2Bdarkly%2Bisbn:12345678901234
    body:
      encoding: US-ASCII
      string: ''
    headers:
      Content-Type:
      - application/json
      User-Agent:
      - Faraday v2.7.10
      Accept-Encoding:
      - gzip;q=1.0,deflate;q=0.6,identity;q=0.3
      Accept:
      - "*/*"
  response:
    status:
      code: 200
      message: OK
    headers:
      Content-Type:
      - application/json; charset=UTF-8
      Vary:
      - Origin
      - Referer
      - X-Origin
      Date:
      - Mon, 06 Nov 2023 19:47:04 GMT
      Server:
      - ESF
      Cache-Control:
      - private
      X-Xss-Protection:
      - '0'
      X-Frame-Options:
      - SAMEORIGIN
      X-Content-Type-Options:
      - nosniff
      Alt-Svc:
      - h3=":443"; ma=2592000,h3-29=":443"; ma=2592000
      Transfer-Encoding:
      - chunked
    body:
      encoding: ASCII-8BIT
      string: |
        {
          "kind": "books#volumes",
          "totalItems": 0
        }
  recorded_at: Mon, 06 Nov 2023 19:47:04 GMT
- request:
    method: get
    uri: https://www.googleapis.com/books/v1/volumes?maxResults=5&printType=books&q=intitle:blithe%2Bspirit%2Bisbn:12345678901234
    body:
      encoding: US-ASCII
      string: ''
    headers:
      Content-Type:
      - application/json
      User-Agent:
      - Faraday v2.7.10
      Accept-Encoding:
      - gzip;q=1.0,deflate;q=0.6,identity;q=0.3
      Accept:
      - "*/*"
  response:
    status:
      code: 200
      message: OK
    headers:
      Content-Type:
      - application/json; charset=UTF-8
      Vary:
      - Origin
      - Referer
      - X-Origin
      Date:
      - Mon, 06 Nov 2023 19:52:51 GMT
      Server:
      - ESF
      Cache-Control:
      - private
      X-Xss-Protection:
      - '0'
      X-Frame-Options:
      - SAMEORIGIN
      X-Content-Type-Options:
      - nosniff
      Alt-Svc:
      - h3=":443"; ma=2592000,h3-29=":443"; ma=2592000
      Transfer-Encoding:
      - chunked
    body:
      encoding: ASCII-8BIT
      string: |
        {
          "kind": "books#volumes",
          "totalItems": 0
        }
  recorded_at: Mon, 06 Nov 2023 19:52:51 GMT
- request:
    method: get
    uri: https://www.googleapis.com/books/v1/volumes?maxResults=5&printType=books&q=intitle:the%2Bhouse%2Bof%2Bmirth%2Bisbn:12345678901234
    body:
      encoding: US-ASCII
      string: ''
    headers:
      Content-Type:
      - application/json
      User-Agent:
      - Faraday v2.7.10
      Accept-Encoding:
      - gzip;q=1.0,deflate;q=0.6,identity;q=0.3
      Accept:
      - "*/*"
  response:
    status:
      code: 200
      message: OK
    headers:
      Content-Type:
      - application/json; charset=UTF-8
      Vary:
      - Origin
      - Referer
      - X-Origin
      Date:
      - Mon, 06 Nov 2023 19:53:15 GMT
      Server:
      - ESF
      Cache-Control:
      - private
      X-Xss-Protection:
      - '0'
      X-Frame-Options:
      - SAMEORIGIN
      X-Content-Type-Options:
      - nosniff
      Alt-Svc:
      - h3=":443"; ma=2592000,h3-29=":443"; ma=2592000
      Transfer-Encoding:
      - chunked
    body:
      encoding: ASCII-8BIT
      string: |
        {
          "kind": "books#volumes",
          "totalItems": 0
        }
  recorded_at: Mon, 06 Nov 2023 19:53:15 GMT
- request:
    method: get
    uri: https://www.googleapis.com/books/v1/volumes?maxResults=5&printType=books&q=intitle:the%2Bgolden%2Bapples%2Bof%2Bthe%2Bsun%2Bisbn:12345678901234
    body:
      encoding: US-ASCII
      string: ''
    headers:
      Content-Type:
      - application/json
      User-Agent:
      - Faraday v2.7.10
      Accept-Encoding:
      - gzip;q=1.0,deflate;q=0.6,identity;q=0.3
      Accept:
      - "*/*"
  response:
    status:
      code: 200
      message: OK
    headers:
      Content-Type:
      - application/json; charset=UTF-8
      Vary:
      - Origin
      - Referer
      - X-Origin
      Date:
      - Mon, 06 Nov 2023 19:53:55 GMT
      Server:
      - ESF
      Cache-Control:
      - private
      X-Xss-Protection:
      - '0'
      X-Frame-Options:
      - SAMEORIGIN
      X-Content-Type-Options:
      - nosniff
      Alt-Svc:
      - h3=":443"; ma=2592000,h3-29=":443"; ma=2592000
      Transfer-Encoding:
      - chunked
    body:
      encoding: ASCII-8BIT
      string: |
        {
          "kind": "books#volumes",
          "totalItems": 0
        }
  recorded_at: Mon, 06 Nov 2023 19:53:55 GMT
- request:
    method: get
    uri: https://www.googleapis.com/books/v1/volumes?maxResults=5&printType=books&q=intitle:time%2Bof%2Bour%2Bdarkness%2Bisbn:12345678901234
    body:
      encoding: US-ASCII
      string: ''
    headers:
      Content-Type:
      - application/json
      User-Agent:
      - Faraday v2.7.10
      Accept-Encoding:
      - gzip;q=1.0,deflate;q=0.6,identity;q=0.3
      Accept:
      - "*/*"
  response:
    status:
      code: 200
      message: OK
    headers:
      Content-Type:
      - application/json; charset=UTF-8
      Vary:
      - Origin
      - Referer
      - X-Origin
      Date:
      - Mon, 06 Nov 2023 19:54:22 GMT
      Server:
      - ESF
      Cache-Control:
      - private
      X-Xss-Protection:
      - '0'
      X-Frame-Options:
      - SAMEORIGIN
      X-Content-Type-Options:
      - nosniff
      Alt-Svc:
      - h3=":443"; ma=2592000,h3-29=":443"; ma=2592000
      Transfer-Encoding:
      - chunked
    body:
      encoding: ASCII-8BIT
      string: |
        {
          "kind": "books#volumes",
          "totalItems": 0
        }
  recorded_at: Mon, 06 Nov 2023 19:54:22 GMT
- request:
    method: get
    uri: https://www.googleapis.com/books/v1/volumes?maxResults=5&printType=books&q=intitle:great%2Bwork%2Bof%2Btime%2Bisbn:12345678901234
    body:
      encoding: US-ASCII
      string: ''
    headers:
      Content-Type:
      - application/json
      User-Agent:
      - Faraday v2.7.10
      Accept-Encoding:
      - gzip;q=1.0,deflate;q=0.6,identity;q=0.3
      Accept:
      - "*/*"
  response:
    status:
      code: 200
      message: OK
    headers:
      Content-Type:
      - application/json; charset=UTF-8
      Vary:
      - Origin
      - Referer
      - X-Origin
      Date:
      - Mon, 06 Nov 2023 19:54:56 GMT
      Server:
      - ESF
      Cache-Control:
      - private
      X-Xss-Protection:
      - '0'
      X-Frame-Options:
      - SAMEORIGIN
      X-Content-Type-Options:
      - nosniff
      Alt-Svc:
      - h3=":443"; ma=2592000,h3-29=":443"; ma=2592000
      Transfer-Encoding:
      - chunked
    body:
      encoding: ASCII-8BIT
      string: |
        {
          "kind": "books#volumes",
          "totalItems": 0
        }
  recorded_at: Mon, 06 Nov 2023 19:54:56 GMT
- request:
    method: get
    uri: https://www.googleapis.com/books/v1/volumes?maxResults=5&printType=books&q=intitle:in%2Bdubious%2Bbattle%2Bisbn:12345678901234
    body:
      encoding: US-ASCII
      string: ''
    headers:
      Content-Type:
      - application/json
      User-Agent:
      - Faraday v2.7.10
      Accept-Encoding:
      - gzip;q=1.0,deflate;q=0.6,identity;q=0.3
      Accept:
      - "*/*"
  response:
    status:
      code: 200
      message: OK
    headers:
      Content-Type:
      - application/json; charset=UTF-8
      Vary:
      - Origin
      - Referer
      - X-Origin
      Date:
      - Mon, 06 Nov 2023 19:56:05 GMT
      Server:
      - ESF
      Cache-Control:
      - private
      X-Xss-Protection:
      - '0'
      X-Frame-Options:
      - SAMEORIGIN
      X-Content-Type-Options:
      - nosniff
      Alt-Svc:
      - h3=":443"; ma=2592000,h3-29=":443"; ma=2592000
      Transfer-Encoding:
      - chunked
    body:
      encoding: ASCII-8BIT
      string: |
        {
          "kind": "books#volumes",
          "totalItems": 0
        }
  recorded_at: Mon, 06 Nov 2023 19:56:05 GMT
- request:
    method: get
    uri: https://www.googleapis.com/books/v1/volumes?maxResults=5&printType=books&q=intitle:death%2Bbe%2Bnot%2Bproud%2Bisbn:12345678901234
    body:
      encoding: US-ASCII
      string: ''
    headers:
      Content-Type:
      - application/json
      User-Agent:
      - Faraday v2.7.10
      Accept-Encoding:
      - gzip;q=1.0,deflate;q=0.6,identity;q=0.3
      Accept:
      - "*/*"
  response:
    status:
      code: 200
      message: OK
    headers:
      Content-Type:
      - application/json; charset=UTF-8
      Vary:
      - Origin
      - Referer
      - X-Origin
      Date:
      - Mon, 06 Nov 2023 19:57:53 GMT
      Server:
      - ESF
      Cache-Control:
      - private
      X-Xss-Protection:
      - '0'
      X-Frame-Options:
      - SAMEORIGIN
      X-Content-Type-Options:
      - nosniff
      Alt-Svc:
      - h3=":443"; ma=2592000,h3-29=":443"; ma=2592000
      Transfer-Encoding:
      - chunked
    body:
      encoding: ASCII-8BIT
      string: |
        {
          "kind": "books#volumes",
          "totalItems": 0
        }
  recorded_at: Mon, 06 Nov 2023 19:57:53 GMT
- request:
    method: get
    uri: https://www.googleapis.com/books/v1/volumes?maxResults=5&printType=books&q=intitle:taming%2Ba%2Bsea%2Bhorse%2Bisbn:12345678901234
    body:
      encoding: US-ASCII
      string: ''
    headers:
      Content-Type:
      - application/json
      User-Agent:
      - Faraday v2.7.10
      Accept-Encoding:
      - gzip;q=1.0,deflate;q=0.6,identity;q=0.3
      Accept:
      - "*/*"
  response:
    status:
      code: 200
      message: OK
    headers:
      Content-Type:
      - application/json; charset=UTF-8
      Vary:
      - Origin
      - Referer
      - X-Origin
      Date:
      - Mon, 06 Nov 2023 20:07:41 GMT
      Server:
      - ESF
      Cache-Control:
      - private
      X-Xss-Protection:
      - '0'
      X-Frame-Options:
      - SAMEORIGIN
      X-Content-Type-Options:
      - nosniff
      Alt-Svc:
      - h3=":443"; ma=2592000,h3-29=":443"; ma=2592000
      Transfer-Encoding:
      - chunked
    body:
      encoding: ASCII-8BIT
      string: |
        {
          "kind": "books#volumes",
          "totalItems": 0
        }
  recorded_at: Mon, 06 Nov 2023 20:07:41 GMT
- request:
    method: get
    uri: https://www.googleapis.com/books/v1/volumes?maxResults=5&printType=books&q=intitle:dulce%2Bet%2Bdecorum%2Best%2Bisbn:12345678901234
    body:
      encoding: US-ASCII
      string: ''
    headers:
      Content-Type:
      - application/json
      User-Agent:
      - Faraday v2.7.10
      Accept-Encoding:
      - gzip;q=1.0,deflate;q=0.6,identity;q=0.3
      Accept:
      - "*/*"
  response:
    status:
      code: 200
      message: OK
    headers:
      Content-Type:
      - application/json; charset=UTF-8
      Vary:
      - Origin
      - Referer
      - X-Origin
      Date:
      - Mon, 06 Nov 2023 20:11:34 GMT
      Server:
      - ESF
      Cache-Control:
      - private
      X-Xss-Protection:
      - '0'
      X-Frame-Options:
      - SAMEORIGIN
      X-Content-Type-Options:
      - nosniff
      Alt-Svc:
      - h3=":443"; ma=2592000,h3-29=":443"; ma=2592000
      Transfer-Encoding:
      - chunked
    body:
      encoding: ASCII-8BIT
      string: |
        {
          "kind": "books#volumes",
          "totalItems": 0
        }
  recorded_at: Mon, 06 Nov 2023 20:11:34 GMT
- request:
    method: get
    uri: https://www.googleapis.com/books/v1/volumes?maxResults=5&printType=books&q=intitle:the%2Bman%2Bwithin%2Bisbn:12345678901234
    body:
      encoding: US-ASCII
      string: ''
    headers:
      Content-Type:
      - application/json
      User-Agent:
      - Faraday v2.7.10
      Accept-Encoding:
      - gzip;q=1.0,deflate;q=0.6,identity;q=0.3
      Accept:
      - "*/*"
  response:
    status:
      code: 200
      message: OK
    headers:
      Content-Type:
      - application/json; charset=UTF-8
      Vary:
      - Origin
      - Referer
      - X-Origin
      Date:
      - Mon, 06 Nov 2023 23:10:32 GMT
      Server:
      - ESF
      Cache-Control:
      - private
      X-Xss-Protection:
      - '0'
      X-Frame-Options:
      - SAMEORIGIN
      X-Content-Type-Options:
      - nosniff
      Alt-Svc:
      - h3=":443"; ma=2592000,h3-29=":443"; ma=2592000
      Transfer-Encoding:
      - chunked
    body:
      encoding: ASCII-8BIT
      string: |
        {
          "kind": "books#volumes",
          "totalItems": 0
        }
  recorded_at: Mon, 06 Nov 2023 23:10:32 GMT
recorded_with: VCR 6.1.0
